nohup: ignoring input
INFO:     Started server process [414468]
INFO:     Waiting for application startup.
2025-12-01 04:34:51,696 INFO sqlalchemy.engine.Engine select pg_catalog.version()
2025-12-01 04:34:51,697 INFO sqlalchemy.engine.Engine [raw sql] {}
2025-12-01 04:34:51,698 INFO sqlalchemy.engine.Engine select current_schema()
2025-12-01 04:34:51,698 INFO sqlalchemy.engine.Engine [raw sql] {}
2025-12-01 04:34:51,699 INFO sqlalchemy.engine.Engine show standard_conforming_strings
2025-12-01 04:34:51,699 INFO sqlalchemy.engine.Engine [raw sql] {}
2025-12-01 04:34:51,700 INFO sqlalchemy.engine.Engine BEGIN (implicit)
2025-12-01 04:34:51,703 INFO sqlalchemy.engine.Engine SELECT pg_catalog.pg_class.relname 
FROM pg_catalog.pg_class JOIN pg_catalog.pg_namespace ON pg_catalog.pg_namespace.oid = pg_catalog.pg_class.relnamespace 
WHERE pg_catalog.pg_class.relname = %(table_name)s AND pg_catalog.pg_class.relkind = ANY (ARRAY[%(param_1)s, %(param_2)s, %(param_3)s, %(param_4)s, %(param_5)s]) AND pg_catalog.pg_table_is_visible(pg_catalog.pg_class.oid) AND pg_catalog.pg_namespace.nspname != %(nspname_1)s
2025-12-01 04:34:51,703 INFO sqlalchemy.engine.Engine [generated in 0.00021s] {'table_name': 'user', 'param_1': 'r', 'param_2': 'p', 'param_3': 'f', 'param_4': 'v', 'param_5': 'm', 'nspname_1': 'pg_catalog'}
2025-12-01 04:34:51,705 INFO sqlalchemy.engine.Engine SELECT pg_catalog.pg_class.relname 
FROM pg_catalog.pg_class JOIN pg_catalog.pg_namespace ON pg_catalog.pg_namespace.oid = pg_catalog.pg_class.relnamespace 
WHERE pg_catalog.pg_class.relname = %(table_name)s AND pg_catalog.pg_class.relkind = ANY (ARRAY[%(param_1)s, %(param_2)s, %(param_3)s, %(param_4)s, %(param_5)s]) AND pg_catalog.pg_table_is_visible(pg_catalog.pg_class.oid) AND pg_catalog.pg_namespace.nspname != %(nspname_1)s
2025-12-01 04:34:51,705 INFO sqlalchemy.engine.Engine [cached since 0.001943s ago] {'table_name': 'accounts', 'param_1': 'r', 'param_2': 'p', 'param_3': 'f', 'param_4': 'v', 'param_5': 'm', 'nspname_1': 'pg_catalog'}
2025-12-01 04:34:51,706 INFO sqlalchemy.engine.Engine SELECT pg_catalog.pg_class.relname 
FROM pg_catalog.pg_class JOIN pg_catalog.pg_namespace ON pg_catalog.pg_namespace.oid = pg_catalog.pg_class.relnamespace 
WHERE pg_catalog.pg_class.relname = %(table_name)s AND pg_catalog.pg_class.relkind = ANY (ARRAY[%(param_1)s, %(param_2)s, %(param_3)s, %(param_4)s, %(param_5)s]) AND pg_catalog.pg_table_is_visible(pg_catalog.pg_class.oid) AND pg_catalog.pg_namespace.nspname != %(nspname_1)s
2025-12-01 04:34:51,706 INFO sqlalchemy.engine.Engine [cached since 0.002616s ago] {'table_name': 'journal_entries', 'param_1': 'r', 'param_2': 'p', 'param_3': 'f', 'param_4': 'v', 'param_5': 'm', 'nspname_1': 'pg_catalog'}
2025-12-01 04:34:51,707 INFO sqlalchemy.engine.Engine SELECT pg_catalog.pg_class.relname 
FROM pg_catalog.pg_class JOIN pg_catalog.pg_namespace ON pg_catalog.pg_namespace.oid = pg_catalog.pg_class.relnamespace 
WHERE pg_catalog.pg_class.relname = %(table_name)s AND pg_catalog.pg_class.relkind = ANY (ARRAY[%(param_1)s, %(param_2)s, %(param_3)s, %(param_4)s, %(param_5)s]) AND pg_catalog.pg_table_is_visible(pg_catalog.pg_class.oid) AND pg_catalog.pg_namespace.nspname != %(nspname_1)s
2025-12-01 04:34:51,707 INFO sqlalchemy.engine.Engine [cached since 0.003666s ago] {'table_name': 'journal_entry_lines', 'param_1': 'r', 'param_2': 'p', 'param_3': 'f', 'param_4': 'v', 'param_5': 'm', 'nspname_1': 'pg_catalog'}
2025-12-01 04:34:51,708 INFO sqlalchemy.engine.Engine SELECT pg_catalog.pg_class.relname 
FROM pg_catalog.pg_class JOIN pg_catalog.pg_namespace ON pg_catalog.pg_namespace.oid = pg_catalog.pg_class.relnamespace 
WHERE pg_catalog.pg_class.relname = %(table_name)s AND pg_catalog.pg_class.relkind = ANY (ARRAY[%(param_1)s, %(param_2)s, %(param_3)s, %(param_4)s, %(param_5)s]) AND pg_catalog.pg_table_is_visible(pg_catalog.pg_class.oid) AND pg_catalog.pg_namespace.nspname != %(nspname_1)s
2025-12-01 04:34:51,708 INFO sqlalchemy.engine.Engine [cached since 0.004913s ago] {'table_name': 'ledger_entries', 'param_1': 'r', 'param_2': 'p', 'param_3': 'f', 'param_4': 'v', 'param_5': 'm', 'nspname_1': 'pg_catalog'}
2025-12-01 04:34:51,709 INFO sqlalchemy.engine.Engine SELECT pg_catalog.pg_class.relname 
FROM pg_catalog.pg_class JOIN pg_catalog.pg_namespace ON pg_catalog.pg_namespace.oid = pg_catalog.pg_class.relnamespace 
WHERE pg_catalog.pg_class.relname = %(table_name)s AND pg_catalog.pg_class.relkind = ANY (ARRAY[%(param_1)s, %(param_2)s, %(param_3)s, %(param_4)s, %(param_5)s]) AND pg_catalog.pg_table_is_visible(pg_catalog.pg_class.oid) AND pg_catalog.pg_namespace.nspname != %(nspname_1)s
2025-12-01 04:34:51,709 INFO sqlalchemy.engine.Engine [cached since 0.00577s ago] {'table_name': 'opening_balances', 'param_1': 'r', 'param_2': 'p', 'param_3': 'f', 'param_4': 'v', 'param_5': 'm', 'nspname_1': 'pg_catalog'}
2025-12-01 04:34:51,711 INFO sqlalchemy.engine.Engine SELECT pg_catalog.pg_type.typname 
FROM pg_catalog.pg_type JOIN pg_catalog.pg_namespace ON pg_catalog.pg_namespace.oid = pg_catalog.pg_type.typnamespace 
WHERE pg_catalog.pg_type.typname = %(typname_1)s AND pg_catalog.pg_type_is_visible(pg_catalog.pg_type.oid) AND pg_catalog.pg_namespace.nspname != %(nspname_1)s
2025-12-01 04:34:51,711 INFO sqlalchemy.engine.Engine [generated in 0.00013s] {'typname_1': 'userrole', 'nspname_1': 'pg_catalog'}
2025-12-01 04:34:51,712 INFO sqlalchemy.engine.Engine CREATE TYPE userrole AS ENUM ('admin', 'accountant', 'viewer')
2025-12-01 04:34:51,712 INFO sqlalchemy.engine.Engine [no key 0.00009s] {}
2025-12-01 04:34:51,713 INFO sqlalchemy.engine.Engine 
CREATE TABLE "user" (
	id SERIAL NOT NULL, 
	username VARCHAR NOT NULL, 
	password_hash VARCHAR NOT NULL, 
	role userrole NOT NULL, 
	PRIMARY KEY (id)
)


2025-12-01 04:34:51,713 INFO sqlalchemy.engine.Engine [no key 0.00009s] {}
2025-12-01 04:34:51,722 INFO sqlalchemy.engine.Engine CREATE UNIQUE INDEX ix_user_username ON "user" (username)
2025-12-01 04:34:51,723 INFO sqlalchemy.engine.Engine [no key 0.00014s] {}
2025-12-01 04:34:51,725 INFO sqlalchemy.engine.Engine 
CREATE TABLE accounts (
	id SERIAL NOT NULL, 
	code VARCHAR NOT NULL, 
	name VARCHAR NOT NULL, 
	account_type VARCHAR NOT NULL, 
	level INTEGER NOT NULL, 
	parent_code VARCHAR, 
	is_group BOOLEAN NOT NULL, 
	is_active BOOLEAN NOT NULL, 
	PRIMARY KEY (id)
)


2025-12-01 04:34:51,726 INFO sqlalchemy.engine.Engine [no key 0.00011s] {}
2025-12-01 04:34:51,730 INFO sqlalchemy.engine.Engine CREATE UNIQUE INDEX ix_accounts_code ON accounts (code)
2025-12-01 04:34:51,730 INFO sqlalchemy.engine.Engine [no key 0.00010s] {}
2025-12-01 04:34:51,733 INFO sqlalchemy.engine.Engine 
CREATE TABLE journal_entries (
	id SERIAL NOT NULL, 
	date DATE NOT NULL, 
	description VARCHAR, 
	posted BOOLEAN NOT NULL, 
	PRIMARY KEY (id)
)


2025-12-01 04:34:51,733 INFO sqlalchemy.engine.Engine [no key 0.00010s] {}
2025-12-01 04:34:51,738 INFO sqlalchemy.engine.Engine 
CREATE TABLE ledger_entries (
	id SERIAL NOT NULL, 
	journal_entry_id INTEGER NOT NULL, 
	date DATE NOT NULL, 
	account_code VARCHAR NOT NULL, 
	debit FLOAT NOT NULL, 
	credit FLOAT NOT NULL, 
	description VARCHAR, 
	PRIMARY KEY (id)
)


2025-12-01 04:34:51,738 INFO sqlalchemy.engine.Engine [no key 0.00009s] {}
2025-12-01 04:34:51,747 INFO sqlalchemy.engine.Engine CREATE INDEX ix_ledger_entries_account_code ON ledger_entries (account_code)
2025-12-01 04:34:51,747 INFO sqlalchemy.engine.Engine [no key 0.00016s] {}
2025-12-01 04:34:51,750 INFO sqlalchemy.engine.Engine CREATE INDEX ix_ledger_entries_journal_entry_id ON ledger_entries (journal_entry_id)
2025-12-01 04:34:51,750 INFO sqlalchemy.engine.Engine [no key 0.00010s] {}
2025-12-01 04:34:51,754 INFO sqlalchemy.engine.Engine 
CREATE TABLE opening_balances (
	id SERIAL NOT NULL, 
	account_code VARCHAR NOT NULL, 
	fiscal_year INTEGER NOT NULL, 
	opening_amount FLOAT NOT NULL, 
	created_at DATE, 
	PRIMARY KEY (id)
)


2025-12-01 04:34:51,754 INFO sqlalchemy.engine.Engine [no key 0.00010s] {}
2025-12-01 04:34:51,758 INFO sqlalchemy.engine.Engine CREATE INDEX ix_opening_balances_account_code ON opening_balances (account_code)
2025-12-01 04:34:51,759 INFO sqlalchemy.engine.Engine [no key 0.00012s] {}
2025-12-01 04:34:51,761 INFO sqlalchemy.engine.Engine 
CREATE TABLE journal_entry_lines (
	id SERIAL NOT NULL, 
	journal_entry_id INTEGER NOT NULL, 
	account_code VARCHAR NOT NULL, 
	debit FLOAT NOT NULL, 
	credit FLOAT NOT NULL, 
	PRIMARY KEY (id), 
	FOREIGN KEY(journal_entry_id) REFERENCES journal_entries (id)
)


2025-12-01 04:34:51,761 INFO sqlalchemy.engine.Engine [no key 0.00010s] {}
2025-12-01 04:34:51,767 INFO sqlalchemy.engine.Engine CREATE INDEX ix_journal_entry_lines_account_code ON journal_entry_lines (account_code)
2025-12-01 04:34:51,767 INFO sqlalchemy.engine.Engine [no key 0.00014s] {}
2025-12-01 04:34:51,769 INFO sqlalchemy.engine.Engine COMMIT
INFO:     Application startup complete.
INFO:     Uvicorn running on http://0.0.0.0:8000 (Press CTRL+C to quit)
INFO:     125.163.156.103:0 - "GET / HTTP/1.1" 200 OK
